分类: 📺央视频道, 名称: CCTV-2, 有效: 5, IPv4: 12, IPv6: 0, 最小延迟: 52 ms, 最高速率: 19.03 M/s, 平均速率: 16.92 M/s, 最高分辨率: 1920x1080
分类: 📺央视频道, 名称: CCTV-4, 有效: 5, IPv4: 14, IPv6: 0, 最小延迟: 52 ms, 最高速率: 18.33 M/s, 平均速率: 17.54 M/s, 最高分辨率: 1920x1080
分类: 📺央视频道, 名称: CCTV-5, 有效: 6, IPv4: 14, IPv6: 0, 最小延迟: 50 ms, 最高速率: 19.56 M/s, 平均速率: 16.72 M/s, 最高分辨率: 1920x1080
分类: 📺央视频道, 名称: CCTV-1, 有效: 5, IPv4: 15, IPv6: 0, 最小延迟: 60 ms, 最高速率: 16.19 M/s, 平均速率: 14.49 M/s, 最高分辨率: 1920x1080
分类: 📺央视频道, 名称: CCTV-3, 有效: 5, IPv4: 13, IPv6: 0, 最小延迟: 52 ms, 最高速率: 19.66 M/s, 平均速率: 18.16 M/s, 最高分辨率: 1920x1080
分类: 📺央视频道, 名称: CCTV-7, 有效: 5, IPv4: 15, IPv6: 0, 最小延迟: 55 ms, 最高速率: 18.54 M/s, 平均速率: 14.77 M/s, 最高分辨率: 1920x1080
分类: 📺央视频道, 名称: CCTV-8, 有效: 5, IPv4: 14, IPv6: 0, 最小延迟: 52 ms, 最高速率: 18.84 M/s, 平均速率: 17.68 M/s, 最高分辨率: 1920x1080
分类: 📺央视频道, 名称: CCTV-10, 有效: 5, IPv4: 13, IPv6: 0, 最小延迟: 57 ms, 最高速率: 19.37 M/s, 平均速率: 17.64 M/s, 最高分辨率: 1920x1080
分类: 📺央视频道, 名称: CCTV-5+, 有效: 4, IPv4: 11, IPv6: 0, 最小延迟: 53 ms, 最高速率: 19.10 M/s, 平均速率: 15.75 M/s, 最高分辨率: 1920x1080
分类: 📺央视频道, 名称: CCTV-9, 有效: 5, IPv4: 14, IPv6: 0, 最小延迟: 59 ms, 最高速率: 17.07 M/s, 平均速率: 16.58 M/s, 最高分辨率: 1920x1080
分类: 📺央视频道, 名称: CCTV-6, 有效: 5, IPv4: 14, IPv6: 0, 最小延迟: 55 ms, 最高速率: 19.20 M/s, 平均速率: 18.08 M/s, 最高分辨率: 1920x1080
分类: 📺央视频道, 名称: CCTV-13, 有效: 5, IPv4: 14, IPv6: 0, 最小延迟: 55 ms, 最高速率: 19.71 M/s, 平均速率: 17.95 M/s, 最高分辨率: 1920x1080
分类: 📺央视频道, 名称: CCTV-11, 有效: 5, IPv4: 15, IPv6: 0, 最小延迟: 54 ms, 最高速率: 19.08 M/s, 平均速率: 17.70 M/s, 最高分辨率: 1920x1080
分类: 📺央视频道, 名称: CCTV-12, 有效: 5, IPv4: 13, IPv6: 0, 最小延迟: 52 ms, 最高速率: 19.78 M/s, 平均速率: 14.75 M/s, 最高分辨率: 1920x1080
分类: 📺央视频道, 名称: CCTV-15, 有效: 5, IPv4: 13, IPv6: 0, 最小延迟: 53 ms, 最高速率: 19.30 M/s, 平均速率: 18.20 M/s, 最高分辨率: 1920x1080
分类: 📺央视频道, 名称: CCTV-16, 有效: 4, IPv4: 11, IPv6: 0, 最小延迟: 57 ms, 最高速率: 19.64 M/s, 平均速率: 13.42 M/s, 最高分辨率: 1920x1080
分类: 📺央视频道, 名称: CETV-1, 有效: 2, IPv4: 2, IPv6: 0, 最小延迟: 60 ms, 最高速率: 16.42 M/s, 平均速率: 16.40 M/s, 最高分辨率: 1920x1080
分类: 📺央视频道, 名称: CETV-2, 有效: 2, IPv4: 2, IPv6: 0, 最小延迟: 59 ms, 最高速率: 15.59 M/s, 平均速率: 15.57 M/s, 最高分辨率: 1920x1080
分类: 📺央视频道, 名称: CCTV-14, 有效: 4, IPv4: 13, IPv6: 0, 最小延迟: 58 ms, 最高速率: 18.99 M/s, 平均速率: 17.06 M/s, 最高分辨率: 1920x1080
分类: 📡卫视频道, 名称: 香港卫视, 有效: 0, IPv4: 2, IPv6: 0, 最小延迟: -1 ms, 最高速率: 0.00 M/s, 平均速率: 0.00 M/s, 最高分辨率: None
分类: 📡卫视频道, 名称: 广东卫视, 有效: 5, IPv4: 11, IPv6: 0, 最小延迟: 53 ms, 最高速率: 18.28 M/s, 平均速率: 11.80 M/s, 最高分辨率: 1920x1080
分类: 📺央视频道, 名称: CCTV-17, 有效: 5, IPv4: 12, IPv6: 0, 最小延迟: 55 ms, 最高速率: 19.81 M/s, 平均速率: 18.40 M/s, 最高分辨率: 1920x1080
分类: 📡卫视频道, 名称: 浙江卫视, 有效: 5, IPv4: 13, IPv6: 0, 最小延迟: 50 ms, 最高速率: 19.53 M/s, 平均速率: 13.64 M/s, 最高分辨率: 1920x1080
分类: 📡卫视频道, 名称: 湖南卫视, 有效: 5, IPv4: 13, IPv6: 0, 最小延迟: 54 ms, 最高速率: 18.94 M/s, 平均速率: 12.72 M/s, 最高分辨率: 1920x1080
分类: 📡卫视频道, 名称: 北京卫视, 有效: 2, IPv4: 13, IPv6: 0, 最小延迟: 12 ms, 最高速率: 17.15 M/s, 平均速率: 8.99 M/s, 最高分辨率: 1920x1080
分类: 📡卫视频道, 名称: 黑龙江卫视, 有效: 5, IPv4: 10, IPv6: 0, 最小延迟: 52 ms, 最高速率: 19.32 M/s, 平均速率: 18.06 M/s, 最高分辨率: 1920x1080
分类: 📡卫视频道, 名称: 安徽卫视, 有效: 5, IPv4: 9, IPv6: 0, 最小延迟: 55 ms, 最高速率: 18.11 M/s, 平均速率: 14.26 M/s, 最高分辨率: 1920x1080
分类: 📡卫视频道, 名称: 东方卫视, 有效: 5, IPv4: 12, IPv6: 0, 最小延迟: 55 ms, 最高速率: 19.11 M/s, 平均速率: 10.03 M/s, 最高分辨率: 1920x1080
分类: 📡卫视频道, 名称: 湖北卫视, 有效: 4, IPv4: 11, IPv6: 0, 最小延迟: 56 ms, 最高速率: 18.42 M/s, 平均速率: 13.53 M/s, 最高分辨率: 1920x1080
分类: 📡卫视频道, 名称: 东南卫视, 有效: 5, IPv4: 14, IPv6: 0, 最小延迟: 30 ms, 最高速率: 38.89 M/s, 平均速率: 26.07 M/s, 最高分辨率: 1920x1080
分类: 📡卫视频道, 名称: 重庆卫视, 有效: 3, IPv4: 11, IPv6: 0, 最小延迟: 59 ms, 最高速率: 18.76 M/s, 平均速率: 13.43 M/s, 最高分辨率: 1920x1080
分类: 📡卫视频道, 名称: 广西卫视, 有效: 5, IPv4: 11, IPv6: 0, 最小延迟: 30 ms, 最高速率: 36.33 M/s, 平均速率: 21.21 M/s, 最高分辨率: 1920x1080
分类: 📡卫视频道, 名称: 贵州卫视, 有效: 5, IPv4: 12, IPv6: 0, 最小延迟: 31 ms, 最高速率: 34.81 M/s, 平均速率: 26.91 M/s, 最高分辨率: 1920x1080
分类: 📡卫视频道, 名称: 甘肃卫视, 有效: 4, IPv4: 12, IPv6: 0, 最小延迟: 32 ms, 最高速率: 30.01 M/s, 平均速率: 26.77 M/s, 最高分辨率: 1920x1080
分类: 📡卫视频道, 名称: 河北卫视, 有效: 5, IPv4: 12, IPv6: 0, 最小延迟: 31 ms, 最高速率: 37.43 M/s, 平均速率: 34.81 M/s, 最高分辨率: 1920x1080
分类: 📡卫视频道, 名称: 吉林卫视, 有效: 5, IPv4: 12, IPv6: 0, 最小延迟: 28 ms, 最高速率: 38.52 M/s, 平均速率: 34.38 M/s, 最高分辨率: 1920x1080
分类: 📡卫视频道, 名称: 河南卫视, 有效: 5, IPv4: 14, IPv6: 0, 最小延迟: 28 ms, 最高速率: 34.75 M/s, 平均速率: 27.34 M/s, 最高分辨率: 1920x1080
分类: 📡卫视频道, 名称: 海南卫视, 有效: 3, IPv4: 13, IPv6: 0, 最小延迟: 29 ms, 最高速率: 33.71 M/s, 平均速率: 11.80 M/s, 最高分辨率: 1920x1080
分类: 📡卫视频道, 名称: 江苏卫视, 有效: 0, IPv4: 11, IPv6: 0, 最小延迟: 1041 ms, 最高速率: 0.23 M/s, 平均速率: 0.00 M/s, 最高分辨率: 1920x1080
分类: 📡卫视频道, 名称: 江西卫视, 有效: 4, IPv4: 12, IPv6: 0, 最小延迟: 30 ms, 最高速率: 34.97 M/s, 平均速率: 33.40 M/s, 最高分辨率: 1920x1080
分类: 📡卫视频道, 名称: 辽宁卫视, 有效: 4, IPv4: 12, IPv6: 0, 最小延迟: 30 ms, 最高速率: 36.71 M/s, 平均速率: 34.98 M/s, 最高分辨率: 1920x1080
分类: 📡卫视频道, 名称: 内蒙古卫视, 有效: 4, IPv4: 8, IPv6: 0, 最小延迟: 28 ms, 最高速率: 35.52 M/s, 平均速率: 33.63 M/s, 最高分辨率: 1920x1080
分类: 📡卫视频道, 名称: 山东卫视, 有效: 5, IPv4: 12, IPv6: 0, 最小延迟: 27 ms, 最高速率: 37.94 M/s, 平均速率: 35.33 M/s, 最高分辨率: 1920x1080
分类: 📡卫视频道, 名称: 山西卫视, 有效: 5, IPv4: 11, IPv6: 0, 最小延迟: 28 ms, 最高速率: 38.11 M/s, 平均速率: 34.91 M/s, 最高分辨率: 1920x1080
分类: 📡卫视频道, 名称: 陕西卫视, 有效: 5, IPv4: 9, IPv6: 0, 最小延迟: 31 ms, 最高速率: 32.14 M/s, 平均速率: 22.98 M/s, 最高分辨率: 1920x1080
分类: 📡卫视频道, 名称: 宁夏卫视, 有效: 1, IPv4: 6, IPv6: 0, 最小延迟: 63 ms, 最高速率: 17.39 M/s, 平均速率: 17.39 M/s, 最高分辨率: 1920x1080
分类: 📡卫视频道, 名称: 青海卫视, 有效: 4, IPv4: 10, IPv6: 0, 最小延迟: 30 ms, 最高速率: 39.55 M/s, 平均速率: 34.33 M/s, 最高分辨率: 1920x1080
分类: 📡卫视频道, 名称: 深圳卫视, 有效: 5, IPv4: 11, IPv6: 0, 最小延迟: 28 ms, 最高速率: 36.45 M/s, 平均速率: 28.62 M/s, 最高分辨率: 1920x1080
分类: 📡卫视频道, 名称: 天津卫视, 有效: 5, IPv4: 11, IPv6: 0, 最小延迟: 28 ms, 最高速率: 36.59 M/s, 平均速率: 34.60 M/s, 最高分辨率: 1920x1080
分类: 📡卫视频道, 名称: 三沙卫视, 有效: 5, IPv4: 6, IPv6: 0, 最小延迟: 31 ms, 最高速率: 38.24 M/s, 平均速率: 21.17 M/s, 最高分辨率: 1920x1080
分类: 📡卫视频道, 名称: 四川卫视, 有效: 4, IPv4: 12, IPv6: 0, 最小延迟: 29 ms, 最高速率: 37.46 M/s, 平均速率: 35.59 M/s, 最高分辨率: 1920x1080
分类: 📡卫视频道, 名称: 新疆卫视, 有效: 5, IPv4: 9, IPv6: 0, 最小延迟: 31 ms, 最高速率: 34.58 M/s, 平均速率: 24.89 M/s, 最高分辨率: 1920x1080
分类: 📡卫视频道, 名称: 西藏卫视, 有效: 4, IPv4: 8, IPv6: 0, 最小延迟: 29 ms, 最高速率: 36.71 M/s, 平均速率: 35.54 M/s, 最高分辨率: 1920x1080
分类: 📡卫视频道, 名称: 云南卫视, 有效: 4, IPv4: 12, IPv6: 0, 最小延迟: 29 ms, 最高速率: 35.69 M/s, 平均速率: 33.67 M/s, 最高分辨率: 1920x1080
